{
    "headers": {
        "cache-control": [
            "no-cache, private"
        ],
        "content-type": [
            "application/json"
        ],
        "odata-version": [
            "4.01"
        ]
    },
    "status": 200
}
